// Jest Snapshot v1, https://goo.gl/fbAQLP

exports[`Answering clear 1`] = `
Array [
  Object {
    "disabled": false,
    "groups": Array [
      Object {
        "disabled": false,
        "groups": Array [],
        "id": "subGroup1",
        "questions": Array [
          Object {
            "choices": Array [],
            "currentAnswer": undefined,
            "disabled": false,
            "error": "This field is required.",
            "id": "subGroup1Question1",
            "type": "any",
            "ui": Object {
              "title": "subGroup1Questions",
            },
            "validatedAnswer": undefined,
            "validating": false,
          },
          Object {
            "choices": Array [
              Object {
                "disabled": false,
                "id": "subGroup1Question2Choice1",
                "ui": Object {
                  "title": "subGroup1Question2Choice1",
                },
                "value": "subGroup1Question2Choice1",
              },
              Object {
                "disabled": false,
                "id": "subGroup1Question2Choice2",
                "ui": Object {
                  "title": "subGroup1Question2Choice2",
                },
                "value": "subGroup1Question2Choice2",
              },
              Object {
                "disabled": false,
                "id": "subGroup1Question2Choice3",
                "ui": Object {
                  "title": "subGroup1Question2Choice3",
                },
                "value": "subGroup1Question2Choice3",
              },
            ],
            "currentAnswer": undefined,
            "disabled": false,
            "error": "Please select an option.",
            "id": "subGroup1Question2",
            "type": "single",
            "ui": Object {
              "title": "subGroup1Question2",
            },
            "validatedAnswer": undefined,
            "validating": false,
          },
          Object {
            "choices": Array [
              Object {
                "disabled": true,
                "id": "subGroup1Question3Choice1",
                "ui": Object {
                  "title": "subGroup1Question3Choice1",
                },
                "value": "subGroup1Question3Choice1",
              },
              Object {
                "disabled": true,
                "id": "subGroup1Question3Choice2",
                "ui": Object {
                  "title": "subGroup1Question3Choice2",
                },
                "value": "subGroup1Question3Choice2",
              },
              Object {
                "disabled": true,
                "id": "subGroup1Question3Choice3",
                "ui": Object {
                  "title": "subGroup1Question3Choice3",
                },
                "value": "subGroup1Question3Choice3",
              },
            ],
            "currentAnswer": Array [],
            "disabled": true,
            "error": "Please select at least 1 option.",
            "id": "subGroup1Question3",
            "type": "multiple",
            "ui": Object {
              "title": "subGroup1Question3",
            },
            "validatedAnswer": undefined,
            "validating": false,
          },
          Object {
            "choices": Array [
              Object {
                "disabled": false,
                "id": "subGroup1Question4Choice1",
                "ui": Object {
                  "title": "subGroup1Question4Choice1",
                },
                "value": "subGroup1Question4Choice1",
              },
              Object {
                "disabled": false,
                "id": "subGroup1Question4Choice2",
                "ui": Object {
                  "title": "subGroup1Question4Choice2",
                },
                "value": "subGroup1Question4Choice2",
              },
              Object {
                "disabled": false,
                "id": "subGroup1Question4Choice3",
                "ui": Object {
                  "title": "subGroup1Question4Choice3",
                },
                "value": "subGroup1Question4Choice3",
              },
            ],
            "currentAnswer": Array [],
            "disabled": false,
            "error": "Please select at least 1 option.",
            "id": "subGroup1Question4",
            "type": "multiple",
            "ui": Object {
              "title": "subGroup1Question3",
            },
            "validatedAnswer": undefined,
            "validating": false,
          },
        ],
        "ui": Object {},
      },
    ],
    "id": "group1",
    "questions": Array [
      Object {
        "choices": Array [],
        "currentAnswer": undefined,
        "disabled": false,
        "error": "This field is required.",
        "id": "group1Question1",
        "type": "any",
        "ui": Object {
          "title": "group1Questions",
        },
        "validatedAnswer": undefined,
        "validating": false,
      },
      Object {
        "choices": Array [
          Object {
            "disabled": false,
            "id": "group1Question2Choice1",
            "ui": Object {
              "title": "group1Question2Choice1",
            },
            "value": "group1Question2Choice1",
          },
          Object {
            "disabled": false,
            "id": "group1Question2Choice2",
            "ui": Object {
              "title": "group1Question2Choice2",
            },
            "value": "group1Question2Choice2",
          },
          Object {
            "disabled": false,
            "id": "group1Question2Choice3",
            "ui": Object {
              "title": "group1Question2Choice3",
            },
            "value": "group1Question2Choice3",
          },
        ],
        "currentAnswer": undefined,
        "disabled": false,
        "error": "Please select an option.",
        "id": "group1Question2",
        "type": "single",
        "ui": Object {
          "title": "group1Question2",
        },
        "validatedAnswer": undefined,
        "validating": false,
      },
      Object {
        "choices": Array [
          Object {
            "disabled": false,
            "id": "group1Question3Choice1",
            "ui": Object {
              "title": "group1Question3Choice1",
            },
            "value": "group1Question3Choice1",
          },
          Object {
            "disabled": false,
            "id": "group1Question3Choice2",
            "ui": Object {
              "title": "group1Question3Choice2",
            },
            "value": "group1Question3Choice2",
          },
          Object {
            "disabled": false,
            "id": "group1Question3Choice3",
            "ui": Object {
              "title": "group1Question3Choice3",
            },
            "value": "group1Question3Choice3",
          },
        ],
        "currentAnswer": Array [],
        "disabled": false,
        "error": undefined,
        "id": "group1Question3",
        "type": "multiple",
        "ui": Object {
          "title": "group1Question3",
        },
        "validatedAnswer": Array [],
        "validating": false,
      },
    ],
    "ui": Object {},
  },
]
`;

exports[`Answering clear 2`] = `
Object {
  "group1Question1": "This field is required.",
  "group1Question2": "Please select an option.",
  "subGroup1Question1": "This field is required.",
  "subGroup1Question2": "Please select an option.",
  "subGroup1Question4": "Please select at least 1 option.",
}
`;

exports[`Answering clear 3`] = `
Object {
  "group1Question3": Array [],
  "subGroup1Question3": Array [],
  "subGroup1Question4": Array [],
}
`;

exports[`Answering clear 4`] = `
Object {
  "group1Question3": Array [],
}
`;

exports[`Answering clearAnswer 1`] = `
Array [
  Object {
    "disabled": false,
    "groups": Array [
      Object {
        "disabled": false,
        "groups": Array [],
        "id": "subGroup1",
        "questions": Array [
          Object {
            "choices": Array [],
            "currentAnswer": undefined,
            "disabled": false,
            "error": "This field is required.",
            "id": "subGroup1Question1",
            "type": "any",
            "ui": Object {
              "title": "subGroup1Questions",
            },
            "validatedAnswer": undefined,
            "validating": false,
          },
          Object {
            "choices": Array [
              Object {
                "disabled": false,
                "id": "subGroup1Question2Choice1",
                "ui": Object {
                  "title": "subGroup1Question2Choice1",
                },
                "value": "subGroup1Question2Choice1",
              },
              Object {
                "disabled": false,
                "id": "subGroup1Question2Choice2",
                "ui": Object {
                  "title": "subGroup1Question2Choice2",
                },
                "value": "subGroup1Question2Choice2",
              },
              Object {
                "disabled": false,
                "id": "subGroup1Question2Choice3",
                "ui": Object {
                  "title": "subGroup1Question2Choice3",
                },
                "value": "subGroup1Question2Choice3",
              },
            ],
            "currentAnswer": "subGroup1Question2Choice1",
            "disabled": false,
            "error": undefined,
            "id": "subGroup1Question2",
            "type": "single",
            "ui": Object {
              "title": "subGroup1Question2",
            },
            "validatedAnswer": "subGroup1Question2Choice1",
            "validating": false,
          },
          Object {
            "choices": Array [
              Object {
                "disabled": false,
                "id": "subGroup1Question3Choice1",
                "ui": Object {
                  "title": "subGroup1Question3Choice1",
                },
                "value": "subGroup1Question3Choice1",
              },
              Object {
                "disabled": false,
                "id": "subGroup1Question3Choice2",
                "ui": Object {
                  "title": "subGroup1Question3Choice2",
                },
                "value": "subGroup1Question3Choice2",
              },
              Object {
                "disabled": false,
                "id": "subGroup1Question3Choice3",
                "ui": Object {
                  "title": "subGroup1Question3Choice3",
                },
                "value": "subGroup1Question3Choice3",
              },
            ],
            "currentAnswer": Array [
              "subGroup1Question3Choice1",
              "subGroup1Question3Choice2",
            ],
            "disabled": false,
            "error": undefined,
            "id": "subGroup1Question3",
            "type": "multiple",
            "ui": Object {
              "title": "subGroup1Question3",
            },
            "validatedAnswer": Array [
              "subGroup1Question3Choice1",
              "subGroup1Question3Choice2",
            ],
            "validating": false,
          },
          Object {
            "choices": Array [
              Object {
                "disabled": false,
                "id": "subGroup1Question4Choice1",
                "ui": Object {
                  "title": "subGroup1Question4Choice1",
                },
                "value": "subGroup1Question4Choice1",
              },
              Object {
                "disabled": false,
                "id": "subGroup1Question4Choice2",
                "ui": Object {
                  "title": "subGroup1Question4Choice2",
                },
                "value": "subGroup1Question4Choice2",
              },
              Object {
                "disabled": false,
                "id": "subGroup1Question4Choice3",
                "ui": Object {
                  "title": "subGroup1Question4Choice3",
                },
                "value": "subGroup1Question4Choice3",
              },
            ],
            "currentAnswer": Array [
              "subGroup1Question4Choice1",
              "subGroup1Question4Choice2",
            ],
            "disabled": false,
            "error": undefined,
            "id": "subGroup1Question4",
            "type": "multiple",
            "ui": Object {
              "title": "subGroup1Question3",
            },
            "validatedAnswer": Array [
              "subGroup1Question4Choice1",
              "subGroup1Question4Choice2",
            ],
            "validating": false,
          },
        ],
        "ui": Object {},
      },
    ],
    "id": "group1",
    "questions": Array [
      Object {
        "choices": Array [],
        "currentAnswer": "group1Question1Value",
        "disabled": false,
        "error": undefined,
        "id": "group1Question1",
        "type": "any",
        "ui": Object {
          "title": "group1Questions",
        },
        "validatedAnswer": "group1Question1Value",
        "validating": false,
      },
      Object {
        "choices": Array [
          Object {
            "disabled": false,
            "id": "group1Question2Choice1",
            "ui": Object {
              "title": "group1Question2Choice1",
            },
            "value": "group1Question2Choice1",
          },
          Object {
            "disabled": false,
            "id": "group1Question2Choice2",
            "ui": Object {
              "title": "group1Question2Choice2",
            },
            "value": "group1Question2Choice2",
          },
          Object {
            "disabled": false,
            "id": "group1Question2Choice3",
            "ui": Object {
              "title": "group1Question2Choice3",
            },
            "value": "group1Question2Choice3",
          },
        ],
        "currentAnswer": "group1Question2Choice1",
        "disabled": false,
        "error": undefined,
        "id": "group1Question2",
        "type": "single",
        "ui": Object {
          "title": "group1Question2",
        },
        "validatedAnswer": "group1Question2Choice1",
        "validating": false,
      },
      Object {
        "choices": Array [
          Object {
            "disabled": false,
            "id": "group1Question3Choice1",
            "ui": Object {
              "title": "group1Question3Choice1",
            },
            "value": "group1Question3Choice1",
          },
          Object {
            "disabled": false,
            "id": "group1Question3Choice2",
            "ui": Object {
              "title": "group1Question3Choice2",
            },
            "value": "group1Question3Choice2",
          },
          Object {
            "disabled": false,
            "id": "group1Question3Choice3",
            "ui": Object {
              "title": "group1Question3Choice3",
            },
            "value": "group1Question3Choice3",
          },
        ],
        "currentAnswer": Array [
          "group1Question3Choice1",
          "group1Question3Choice2",
        ],
        "disabled": false,
        "error": undefined,
        "id": "group1Question3",
        "type": "multiple",
        "ui": Object {
          "title": "group1Question3",
        },
        "validatedAnswer": Array [
          "group1Question3Choice1",
          "group1Question3Choice2",
        ],
        "validating": false,
      },
    ],
    "ui": Object {},
  },
]
`;

exports[`Answering clearAnswer 2`] = `
Object {
  "subGroup1Question1": "This field is required.",
}
`;

exports[`Answering clearAnswer 3`] = `
Object {
  "group1Question1": "group1Question1Value",
  "group1Question2": "group1Question2Choice1",
  "group1Question3": Array [
    "group1Question3Choice1",
    "group1Question3Choice2",
  ],
  "subGroup1Question2": "subGroup1Question2Choice1",
  "subGroup1Question3": Array [
    "subGroup1Question3Choice1",
    "subGroup1Question3Choice2",
  ],
  "subGroup1Question4": Array [
    "subGroup1Question4Choice1",
    "subGroup1Question4Choice2",
  ],
}
`;

exports[`Answering clearAnswer 4`] = `
Object {
  "group1Question1": "group1Question1Value",
  "group1Question2": "group1Question2Choice1",
  "group1Question3": Array [
    "group1Question3Choice1",
    "group1Question3Choice2",
  ],
  "subGroup1Question2": "subGroup1Question2Choice1",
  "subGroup1Question3": Array [
    "subGroup1Question3Choice1",
    "subGroup1Question3Choice2",
  ],
  "subGroup1Question4": Array [
    "subGroup1Question4Choice1",
    "subGroup1Question4Choice2",
  ],
}
`;

exports[`Answering clearGroup 1`] = `
Array [
  Object {
    "disabled": false,
    "groups": Array [
      Object {
        "disabled": false,
        "groups": Array [],
        "id": "subGroup1",
        "questions": Array [
          Object {
            "choices": Array [],
            "currentAnswer": undefined,
            "disabled": false,
            "error": "This field is required.",
            "id": "subGroup1Question1",
            "type": "any",
            "ui": Object {
              "title": "subGroup1Questions",
            },
            "validatedAnswer": undefined,
            "validating": false,
          },
          Object {
            "choices": Array [
              Object {
                "disabled": false,
                "id": "subGroup1Question2Choice1",
                "ui": Object {
                  "title": "subGroup1Question2Choice1",
                },
                "value": "subGroup1Question2Choice1",
              },
              Object {
                "disabled": false,
                "id": "subGroup1Question2Choice2",
                "ui": Object {
                  "title": "subGroup1Question2Choice2",
                },
                "value": "subGroup1Question2Choice2",
              },
              Object {
                "disabled": false,
                "id": "subGroup1Question2Choice3",
                "ui": Object {
                  "title": "subGroup1Question2Choice3",
                },
                "value": "subGroup1Question2Choice3",
              },
            ],
            "currentAnswer": undefined,
            "disabled": false,
            "error": "Please select an option.",
            "id": "subGroup1Question2",
            "type": "single",
            "ui": Object {
              "title": "subGroup1Question2",
            },
            "validatedAnswer": undefined,
            "validating": false,
          },
          Object {
            "choices": Array [
              Object {
                "disabled": true,
                "id": "subGroup1Question3Choice1",
                "ui": Object {
                  "title": "subGroup1Question3Choice1",
                },
                "value": "subGroup1Question3Choice1",
              },
              Object {
                "disabled": true,
                "id": "subGroup1Question3Choice2",
                "ui": Object {
                  "title": "subGroup1Question3Choice2",
                },
                "value": "subGroup1Question3Choice2",
              },
              Object {
                "disabled": true,
                "id": "subGroup1Question3Choice3",
                "ui": Object {
                  "title": "subGroup1Question3Choice3",
                },
                "value": "subGroup1Question3Choice3",
              },
            ],
            "currentAnswer": Array [],
            "disabled": true,
            "error": "Please select at least 1 option.",
            "id": "subGroup1Question3",
            "type": "multiple",
            "ui": Object {
              "title": "subGroup1Question3",
            },
            "validatedAnswer": undefined,
            "validating": false,
          },
          Object {
            "choices": Array [
              Object {
                "disabled": false,
                "id": "subGroup1Question4Choice1",
                "ui": Object {
                  "title": "subGroup1Question4Choice1",
                },
                "value": "subGroup1Question4Choice1",
              },
              Object {
                "disabled": false,
                "id": "subGroup1Question4Choice2",
                "ui": Object {
                  "title": "subGroup1Question4Choice2",
                },
                "value": "subGroup1Question4Choice2",
              },
              Object {
                "disabled": false,
                "id": "subGroup1Question4Choice3",
                "ui": Object {
                  "title": "subGroup1Question4Choice3",
                },
                "value": "subGroup1Question4Choice3",
              },
            ],
            "currentAnswer": Array [],
            "disabled": false,
            "error": "Please select at least 1 option.",
            "id": "subGroup1Question4",
            "type": "multiple",
            "ui": Object {
              "title": "subGroup1Question3",
            },
            "validatedAnswer": undefined,
            "validating": false,
          },
        ],
        "ui": Object {},
      },
    ],
    "id": "group1",
    "questions": Array [
      Object {
        "choices": Array [],
        "currentAnswer": "group1Question1Value",
        "disabled": false,
        "error": undefined,
        "id": "group1Question1",
        "type": "any",
        "ui": Object {
          "title": "group1Questions",
        },
        "validatedAnswer": "group1Question1Value",
        "validating": false,
      },
      Object {
        "choices": Array [
          Object {
            "disabled": false,
            "id": "group1Question2Choice1",
            "ui": Object {
              "title": "group1Question2Choice1",
            },
            "value": "group1Question2Choice1",
          },
          Object {
            "disabled": false,
            "id": "group1Question2Choice2",
            "ui": Object {
              "title": "group1Question2Choice2",
            },
            "value": "group1Question2Choice2",
          },
          Object {
            "disabled": false,
            "id": "group1Question2Choice3",
            "ui": Object {
              "title": "group1Question2Choice3",
            },
            "value": "group1Question2Choice3",
          },
        ],
        "currentAnswer": "group1Question2Choice1",
        "disabled": false,
        "error": undefined,
        "id": "group1Question2",
        "type": "single",
        "ui": Object {
          "title": "group1Question2",
        },
        "validatedAnswer": "group1Question2Choice1",
        "validating": false,
      },
      Object {
        "choices": Array [
          Object {
            "disabled": false,
            "id": "group1Question3Choice1",
            "ui": Object {
              "title": "group1Question3Choice1",
            },
            "value": "group1Question3Choice1",
          },
          Object {
            "disabled": false,
            "id": "group1Question3Choice2",
            "ui": Object {
              "title": "group1Question3Choice2",
            },
            "value": "group1Question3Choice2",
          },
          Object {
            "disabled": false,
            "id": "group1Question3Choice3",
            "ui": Object {
              "title": "group1Question3Choice3",
            },
            "value": "group1Question3Choice3",
          },
        ],
        "currentAnswer": Array [
          "group1Question3Choice1",
          "group1Question3Choice2",
        ],
        "disabled": false,
        "error": undefined,
        "id": "group1Question3",
        "type": "multiple",
        "ui": Object {
          "title": "group1Question3",
        },
        "validatedAnswer": Array [
          "group1Question3Choice1",
          "group1Question3Choice2",
        ],
        "validating": false,
      },
    ],
    "ui": Object {},
  },
]
`;

exports[`Answering clearGroup 2`] = `
Object {
  "subGroup1Question1": "This field is required.",
  "subGroup1Question2": "Please select an option.",
  "subGroup1Question4": "Please select at least 1 option.",
}
`;

exports[`Answering clearGroup 3`] = `
Object {
  "group1Question1": "group1Question1Value",
  "group1Question2": "group1Question2Choice1",
  "group1Question3": Array [
    "group1Question3Choice1",
    "group1Question3Choice2",
  ],
  "subGroup1Question3": Array [],
  "subGroup1Question4": Array [],
}
`;

exports[`Answering clearGroup 4`] = `
Object {
  "group1Question1": "group1Question1Value",
  "group1Question2": "group1Question2Choice1",
  "group1Question3": Array [
    "group1Question3Choice1",
    "group1Question3Choice2",
  ],
}
`;

exports[`Answering importAnswers 1`] = `
Array [
  Object {
    "disabled": false,
    "groups": Array [
      Object {
        "disabled": false,
        "groups": Array [],
        "id": "subGroup1",
        "questions": Array [
          Object {
            "choices": Array [],
            "currentAnswer": "subGroup1Question1Value",
            "disabled": false,
            "error": undefined,
            "id": "subGroup1Question1",
            "type": "any",
            "ui": Object {
              "title": "subGroup1Questions",
            },
            "validatedAnswer": "subGroup1Question1Value",
            "validating": false,
          },
          Object {
            "choices": Array [
              Object {
                "disabled": false,
                "id": "subGroup1Question2Choice1",
                "ui": Object {
                  "title": "subGroup1Question2Choice1",
                },
                "value": "subGroup1Question2Choice1",
              },
              Object {
                "disabled": false,
                "id": "subGroup1Question2Choice2",
                "ui": Object {
                  "title": "subGroup1Question2Choice2",
                },
                "value": "subGroup1Question2Choice2",
              },
              Object {
                "disabled": false,
                "id": "subGroup1Question2Choice3",
                "ui": Object {
                  "title": "subGroup1Question2Choice3",
                },
                "value": "subGroup1Question2Choice3",
              },
            ],
            "currentAnswer": "subGroup1Question2Choice1",
            "disabled": false,
            "error": undefined,
            "id": "subGroup1Question2",
            "type": "single",
            "ui": Object {
              "title": "subGroup1Question2",
            },
            "validatedAnswer": "subGroup1Question2Choice1",
            "validating": false,
          },
          Object {
            "choices": Array [
              Object {
                "disabled": false,
                "id": "subGroup1Question3Choice1",
                "ui": Object {
                  "title": "subGroup1Question3Choice1",
                },
                "value": "subGroup1Question3Choice1",
              },
              Object {
                "disabled": false,
                "id": "subGroup1Question3Choice2",
                "ui": Object {
                  "title": "subGroup1Question3Choice2",
                },
                "value": "subGroup1Question3Choice2",
              },
              Object {
                "disabled": false,
                "id": "subGroup1Question3Choice3",
                "ui": Object {
                  "title": "subGroup1Question3Choice3",
                },
                "value": "subGroup1Question3Choice3",
              },
            ],
            "currentAnswer": Array [
              "subGroup1Question3Choice1",
              "subGroup1Question3Choice2",
            ],
            "disabled": false,
            "error": undefined,
            "id": "subGroup1Question3",
            "type": "multiple",
            "ui": Object {
              "title": "subGroup1Question3",
            },
            "validatedAnswer": Array [
              "subGroup1Question3Choice1",
              "subGroup1Question3Choice2",
            ],
            "validating": false,
          },
          Object {
            "choices": Array [
              Object {
                "disabled": false,
                "id": "subGroup1Question4Choice1",
                "ui": Object {
                  "title": "subGroup1Question4Choice1",
                },
                "value": "subGroup1Question4Choice1",
              },
              Object {
                "disabled": false,
                "id": "subGroup1Question4Choice2",
                "ui": Object {
                  "title": "subGroup1Question4Choice2",
                },
                "value": "subGroup1Question4Choice2",
              },
              Object {
                "disabled": false,
                "id": "subGroup1Question4Choice3",
                "ui": Object {
                  "title": "subGroup1Question4Choice3",
                },
                "value": "subGroup1Question4Choice3",
              },
            ],
            "currentAnswer": Array [
              "subGroup1Question4Choice1",
              "subGroup1Question4Choice2",
            ],
            "disabled": false,
            "error": undefined,
            "id": "subGroup1Question4",
            "type": "multiple",
            "ui": Object {
              "title": "subGroup1Question3",
            },
            "validatedAnswer": Array [
              "subGroup1Question4Choice1",
              "subGroup1Question4Choice2",
            ],
            "validating": false,
          },
        ],
        "ui": Object {},
      },
    ],
    "id": "group1",
    "questions": Array [
      Object {
        "choices": Array [],
        "currentAnswer": "group1Question1Value",
        "disabled": false,
        "error": undefined,
        "id": "group1Question1",
        "type": "any",
        "ui": Object {
          "title": "group1Questions",
        },
        "validatedAnswer": "group1Question1Value",
        "validating": false,
      },
      Object {
        "choices": Array [
          Object {
            "disabled": false,
            "id": "group1Question2Choice1",
            "ui": Object {
              "title": "group1Question2Choice1",
            },
            "value": "group1Question2Choice1",
          },
          Object {
            "disabled": false,
            "id": "group1Question2Choice2",
            "ui": Object {
              "title": "group1Question2Choice2",
            },
            "value": "group1Question2Choice2",
          },
          Object {
            "disabled": false,
            "id": "group1Question2Choice3",
            "ui": Object {
              "title": "group1Question2Choice3",
            },
            "value": "group1Question2Choice3",
          },
        ],
        "currentAnswer": "group1Question2Choice1",
        "disabled": false,
        "error": undefined,
        "id": "group1Question2",
        "type": "single",
        "ui": Object {
          "title": "group1Question2",
        },
        "validatedAnswer": "group1Question2Choice1",
        "validating": false,
      },
      Object {
        "choices": Array [
          Object {
            "disabled": false,
            "id": "group1Question3Choice1",
            "ui": Object {
              "title": "group1Question3Choice1",
            },
            "value": "group1Question3Choice1",
          },
          Object {
            "disabled": false,
            "id": "group1Question3Choice2",
            "ui": Object {
              "title": "group1Question3Choice2",
            },
            "value": "group1Question3Choice2",
          },
          Object {
            "disabled": false,
            "id": "group1Question3Choice3",
            "ui": Object {
              "title": "group1Question3Choice3",
            },
            "value": "group1Question3Choice3",
          },
        ],
        "currentAnswer": Array [
          "group1Question3Choice1",
          "group1Question3Choice2",
        ],
        "disabled": false,
        "error": undefined,
        "id": "group1Question3",
        "type": "multiple",
        "ui": Object {
          "title": "group1Question3",
        },
        "validatedAnswer": Array [
          "group1Question3Choice1",
          "group1Question3Choice2",
        ],
        "validating": false,
      },
    ],
    "ui": Object {},
  },
]
`;

exports[`Answering importAnswers 2`] = `Object {}`;

exports[`Answering importAnswers 3`] = `
Object {
  "group1Question1": "group1Question1Value",
  "group1Question2": "group1Question2Choice1",
  "group1Question3": Array [
    "group1Question3Choice1",
    "group1Question3Choice2",
  ],
  "subGroup1Question1": "subGroup1Question1Value",
  "subGroup1Question2": "subGroup1Question2Choice1",
  "subGroup1Question3": Array [
    "subGroup1Question3Choice1",
    "subGroup1Question3Choice2",
  ],
  "subGroup1Question4": Array [
    "subGroup1Question4Choice1",
    "subGroup1Question4Choice2",
  ],
}
`;

exports[`Answering importAnswers 4`] = `
Object {
  "group1Question1": "group1Question1Value",
  "group1Question2": "group1Question2Choice1",
  "group1Question3": Array [
    "group1Question3Choice1",
    "group1Question3Choice2",
  ],
  "subGroup1Question1": "subGroup1Question1Value",
  "subGroup1Question2": "subGroup1Question2Choice1",
  "subGroup1Question3": Array [
    "subGroup1Question3Choice1",
    "subGroup1Question3Choice2",
  ],
  "subGroup1Question4": Array [
    "subGroup1Question4Choice1",
    "subGroup1Question4Choice2",
  ],
}
`;

exports[`Answering selectChoice multiple 1`] = `
Array [
  Object {
    "disabled": false,
    "groups": Array [
      Object {
        "disabled": false,
        "groups": Array [],
        "id": "subGroup1",
        "questions": Array [
          Object {
            "choices": Array [],
            "currentAnswer": "subGroup1Question1Value",
            "disabled": false,
            "error": undefined,
            "id": "subGroup1Question1",
            "type": "any",
            "ui": Object {
              "title": "subGroup1Questions",
            },
            "validatedAnswer": "subGroup1Question1Value",
            "validating": false,
          },
          Object {
            "choices": Array [
              Object {
                "disabled": false,
                "id": "subGroup1Question2Choice1",
                "ui": Object {
                  "title": "subGroup1Question2Choice1",
                },
                "value": "subGroup1Question2Choice1",
              },
              Object {
                "disabled": false,
                "id": "subGroup1Question2Choice2",
                "ui": Object {
                  "title": "subGroup1Question2Choice2",
                },
                "value": "subGroup1Question2Choice2",
              },
              Object {
                "disabled": false,
                "id": "subGroup1Question2Choice3",
                "ui": Object {
                  "title": "subGroup1Question2Choice3",
                },
                "value": "subGroup1Question2Choice3",
              },
            ],
            "currentAnswer": undefined,
            "disabled": false,
            "error": "Please select an option.",
            "id": "subGroup1Question2",
            "type": "single",
            "ui": Object {
              "title": "subGroup1Question2",
            },
            "validatedAnswer": undefined,
            "validating": false,
          },
          Object {
            "choices": Array [
              Object {
                "disabled": true,
                "id": "subGroup1Question3Choice1",
                "ui": Object {
                  "title": "subGroup1Question3Choice1",
                },
                "value": "subGroup1Question3Choice1",
              },
              Object {
                "disabled": true,
                "id": "subGroup1Question3Choice2",
                "ui": Object {
                  "title": "subGroup1Question3Choice2",
                },
                "value": "subGroup1Question3Choice2",
              },
              Object {
                "disabled": true,
                "id": "subGroup1Question3Choice3",
                "ui": Object {
                  "title": "subGroup1Question3Choice3",
                },
                "value": "subGroup1Question3Choice3",
              },
            ],
            "currentAnswer": Array [],
            "disabled": true,
            "error": "Please select at least 1 option.",
            "id": "subGroup1Question3",
            "type": "multiple",
            "ui": Object {
              "title": "subGroup1Question3",
            },
            "validatedAnswer": undefined,
            "validating": false,
          },
          Object {
            "choices": Array [
              Object {
                "disabled": false,
                "id": "subGroup1Question4Choice1",
                "ui": Object {
                  "title": "subGroup1Question4Choice1",
                },
                "value": "subGroup1Question4Choice1",
              },
              Object {
                "disabled": false,
                "id": "subGroup1Question4Choice2",
                "ui": Object {
                  "title": "subGroup1Question4Choice2",
                },
                "value": "subGroup1Question4Choice2",
              },
              Object {
                "disabled": false,
                "id": "subGroup1Question4Choice3",
                "ui": Object {
                  "title": "subGroup1Question4Choice3",
                },
                "value": "subGroup1Question4Choice3",
              },
            ],
            "currentAnswer": Array [],
            "disabled": false,
            "error": "Please select at least 1 option.",
            "id": "subGroup1Question4",
            "type": "multiple",
            "ui": Object {
              "title": "subGroup1Question3",
            },
            "validatedAnswer": undefined,
            "validating": false,
          },
        ],
        "ui": Object {},
      },
    ],
    "id": "group1",
    "questions": Array [
      Object {
        "choices": Array [],
        "currentAnswer": undefined,
        "disabled": false,
        "error": "This field is required.",
        "id": "group1Question1",
        "type": "any",
        "ui": Object {
          "title": "group1Questions",
        },
        "validatedAnswer": undefined,
        "validating": false,
      },
      Object {
        "choices": Array [
          Object {
            "disabled": false,
            "id": "group1Question2Choice1",
            "ui": Object {
              "title": "group1Question2Choice1",
            },
            "value": "group1Question2Choice1",
          },
          Object {
            "disabled": false,
            "id": "group1Question2Choice2",
            "ui": Object {
              "title": "group1Question2Choice2",
            },
            "value": "group1Question2Choice2",
          },
          Object {
            "disabled": false,
            "id": "group1Question2Choice3",
            "ui": Object {
              "title": "group1Question2Choice3",
            },
            "value": "group1Question2Choice3",
          },
        ],
        "currentAnswer": undefined,
        "disabled": false,
        "error": "Please select an option.",
        "id": "group1Question2",
        "type": "single",
        "ui": Object {
          "title": "group1Question2",
        },
        "validatedAnswer": undefined,
        "validating": false,
      },
      Object {
        "choices": Array [
          Object {
            "disabled": false,
            "id": "group1Question3Choice1",
            "ui": Object {
              "title": "group1Question3Choice1",
            },
            "value": "group1Question3Choice1",
          },
          Object {
            "disabled": false,
            "id": "group1Question3Choice2",
            "ui": Object {
              "title": "group1Question3Choice2",
            },
            "value": "group1Question3Choice2",
          },
          Object {
            "disabled": false,
            "id": "group1Question3Choice3",
            "ui": Object {
              "title": "group1Question3Choice3",
            },
            "value": "group1Question3Choice3",
          },
        ],
        "currentAnswer": Array [],
        "disabled": false,
        "error": undefined,
        "id": "group1Question3",
        "type": "multiple",
        "ui": Object {
          "title": "group1Question3",
        },
        "validatedAnswer": Array [],
        "validating": false,
      },
    ],
    "ui": Object {},
  },
]
`;

exports[`Answering selectChoice multiple 2`] = `
Object {
  "group1Question1": "This field is required.",
  "group1Question2": "Please select an option.",
  "subGroup1Question2": "Please select an option.",
  "subGroup1Question4": "Please select at least 1 option.",
}
`;

exports[`Answering selectChoice multiple 3`] = `
Object {
  "group1Question3": Array [],
  "subGroup1Question1": "subGroup1Question1Value",
  "subGroup1Question3": Array [],
  "subGroup1Question4": Array [],
}
`;

exports[`Answering selectChoice multiple 4`] = `
Object {
  "group1Question3": Array [],
  "subGroup1Question1": "subGroup1Question1Value",
}
`;

exports[`Answering selectChoice multiple 5`] = `
Array [
  Object {
    "disabled": false,
    "groups": Array [
      Object {
        "disabled": false,
        "groups": Array [],
        "id": "subGroup1",
        "questions": Array [
          Object {
            "choices": Array [],
            "currentAnswer": "subGroup1Question1Value",
            "disabled": false,
            "error": undefined,
            "id": "subGroup1Question1",
            "type": "any",
            "ui": Object {
              "title": "subGroup1Questions",
            },
            "validatedAnswer": "subGroup1Question1Value",
            "validating": false,
          },
          Object {
            "choices": Array [
              Object {
                "disabled": false,
                "id": "subGroup1Question2Choice1",
                "ui": Object {
                  "title": "subGroup1Question2Choice1",
                },
                "value": "subGroup1Question2Choice1",
              },
              Object {
                "disabled": false,
                "id": "subGroup1Question2Choice2",
                "ui": Object {
                  "title": "subGroup1Question2Choice2",
                },
                "value": "subGroup1Question2Choice2",
              },
              Object {
                "disabled": false,
                "id": "subGroup1Question2Choice3",
                "ui": Object {
                  "title": "subGroup1Question2Choice3",
                },
                "value": "subGroup1Question2Choice3",
              },
            ],
            "currentAnswer": undefined,
            "disabled": false,
            "error": "Please select an option.",
            "id": "subGroup1Question2",
            "type": "single",
            "ui": Object {
              "title": "subGroup1Question2",
            },
            "validatedAnswer": undefined,
            "validating": false,
          },
          Object {
            "choices": Array [
              Object {
                "disabled": true,
                "id": "subGroup1Question3Choice1",
                "ui": Object {
                  "title": "subGroup1Question3Choice1",
                },
                "value": "subGroup1Question3Choice1",
              },
              Object {
                "disabled": true,
                "id": "subGroup1Question3Choice2",
                "ui": Object {
                  "title": "subGroup1Question3Choice2",
                },
                "value": "subGroup1Question3Choice2",
              },
              Object {
                "disabled": true,
                "id": "subGroup1Question3Choice3",
                "ui": Object {
                  "title": "subGroup1Question3Choice3",
                },
                "value": "subGroup1Question3Choice3",
              },
            ],
            "currentAnswer": Array [],
            "disabled": true,
            "error": "Please select at least 1 option.",
            "id": "subGroup1Question3",
            "type": "multiple",
            "ui": Object {
              "title": "subGroup1Question3",
            },
            "validatedAnswer": undefined,
            "validating": false,
          },
          Object {
            "choices": Array [
              Object {
                "disabled": false,
                "id": "subGroup1Question4Choice1",
                "ui": Object {
                  "title": "subGroup1Question4Choice1",
                },
                "value": "subGroup1Question4Choice1",
              },
              Object {
                "disabled": false,
                "id": "subGroup1Question4Choice2",
                "ui": Object {
                  "title": "subGroup1Question4Choice2",
                },
                "value": "subGroup1Question4Choice2",
              },
              Object {
                "disabled": false,
                "id": "subGroup1Question4Choice3",
                "ui": Object {
                  "title": "subGroup1Question4Choice3",
                },
                "value": "subGroup1Question4Choice3",
              },
            ],
            "currentAnswer": Array [],
            "disabled": false,
            "error": "Please select at least 1 option.",
            "id": "subGroup1Question4",
            "type": "multiple",
            "ui": Object {
              "title": "subGroup1Question3",
            },
            "validatedAnswer": undefined,
            "validating": false,
          },
        ],
        "ui": Object {},
      },
    ],
    "id": "group1",
    "questions": Array [
      Object {
        "choices": Array [],
        "currentAnswer": undefined,
        "disabled": false,
        "error": "This field is required.",
        "id": "group1Question1",
        "type": "any",
        "ui": Object {
          "title": "group1Questions",
        },
        "validatedAnswer": undefined,
        "validating": false,
      },
      Object {
        "choices": Array [
          Object {
            "disabled": false,
            "id": "group1Question2Choice1",
            "ui": Object {
              "title": "group1Question2Choice1",
            },
            "value": "group1Question2Choice1",
          },
          Object {
            "disabled": false,
            "id": "group1Question2Choice2",
            "ui": Object {
              "title": "group1Question2Choice2",
            },
            "value": "group1Question2Choice2",
          },
          Object {
            "disabled": false,
            "id": "group1Question2Choice3",
            "ui": Object {
              "title": "group1Question2Choice3",
            },
            "value": "group1Question2Choice3",
          },
        ],
        "currentAnswer": undefined,
        "disabled": false,
        "error": "Please select an option.",
        "id": "group1Question2",
        "type": "single",
        "ui": Object {
          "title": "group1Question2",
        },
        "validatedAnswer": undefined,
        "validating": false,
      },
      Object {
        "choices": Array [
          Object {
            "disabled": false,
            "id": "group1Question3Choice1",
            "ui": Object {
              "title": "group1Question3Choice1",
            },
            "value": "group1Question3Choice1",
          },
          Object {
            "disabled": false,
            "id": "group1Question3Choice2",
            "ui": Object {
              "title": "group1Question3Choice2",
            },
            "value": "group1Question3Choice2",
          },
          Object {
            "disabled": false,
            "id": "group1Question3Choice3",
            "ui": Object {
              "title": "group1Question3Choice3",
            },
            "value": "group1Question3Choice3",
          },
        ],
        "currentAnswer": Array [],
        "disabled": false,
        "error": undefined,
        "id": "group1Question3",
        "type": "multiple",
        "ui": Object {
          "title": "group1Question3",
        },
        "validatedAnswer": Array [],
        "validating": false,
      },
    ],
    "ui": Object {},
  },
]
`;

exports[`Answering selectChoice multiple 6`] = `
Object {
  "group1Question1": "This field is required.",
  "group1Question2": "Please select an option.",
  "subGroup1Question2": "Please select an option.",
  "subGroup1Question4": "Please select at least 1 option.",
}
`;

exports[`Answering selectChoice multiple 7`] = `
Object {
  "group1Question3": Array [],
  "subGroup1Question1": "subGroup1Question1Value",
  "subGroup1Question3": Array [],
  "subGroup1Question4": Array [],
}
`;

exports[`Answering selectChoice multiple 8`] = `
Object {
  "group1Question3": Array [],
  "subGroup1Question1": "subGroup1Question1Value",
}
`;

exports[`Answering selectChoice single 1`] = `
Array [
  Object {
    "disabled": false,
    "groups": Array [
      Object {
        "disabled": false,
        "groups": Array [],
        "id": "subGroup1",
        "questions": Array [
          Object {
            "choices": Array [],
            "currentAnswer": "subGroup1Question1Value",
            "disabled": false,
            "error": undefined,
            "id": "subGroup1Question1",
            "type": "any",
            "ui": Object {
              "title": "subGroup1Questions",
            },
            "validatedAnswer": "subGroup1Question1Value",
            "validating": false,
          },
          Object {
            "choices": Array [
              Object {
                "disabled": false,
                "id": "subGroup1Question2Choice1",
                "ui": Object {
                  "title": "subGroup1Question2Choice1",
                },
                "value": "subGroup1Question2Choice1",
              },
              Object {
                "disabled": false,
                "id": "subGroup1Question2Choice2",
                "ui": Object {
                  "title": "subGroup1Question2Choice2",
                },
                "value": "subGroup1Question2Choice2",
              },
              Object {
                "disabled": false,
                "id": "subGroup1Question2Choice3",
                "ui": Object {
                  "title": "subGroup1Question2Choice3",
                },
                "value": "subGroup1Question2Choice3",
              },
            ],
            "currentAnswer": "subGroup1Question2Choice2",
            "disabled": false,
            "error": undefined,
            "id": "subGroup1Question2",
            "type": "single",
            "ui": Object {
              "title": "subGroup1Question2",
            },
            "validatedAnswer": "subGroup1Question2Choice2",
            "validating": false,
          },
          Object {
            "choices": Array [
              Object {
                "disabled": true,
                "id": "subGroup1Question3Choice1",
                "ui": Object {
                  "title": "subGroup1Question3Choice1",
                },
                "value": "subGroup1Question3Choice1",
              },
              Object {
                "disabled": true,
                "id": "subGroup1Question3Choice2",
                "ui": Object {
                  "title": "subGroup1Question3Choice2",
                },
                "value": "subGroup1Question3Choice2",
              },
              Object {
                "disabled": true,
                "id": "subGroup1Question3Choice3",
                "ui": Object {
                  "title": "subGroup1Question3Choice3",
                },
                "value": "subGroup1Question3Choice3",
              },
            ],
            "currentAnswer": Array [
              "subGroup1Question3Choice1",
              "subGroup1Question3Choice2",
            ],
            "disabled": true,
            "error": undefined,
            "id": "subGroup1Question3",
            "type": "multiple",
            "ui": Object {
              "title": "subGroup1Question3",
            },
            "validatedAnswer": undefined,
            "validating": false,
          },
          Object {
            "choices": Array [
              Object {
                "disabled": true,
                "id": "subGroup1Question4Choice1",
                "ui": Object {
                  "title": "subGroup1Question4Choice1",
                },
                "value": "subGroup1Question4Choice1",
              },
              Object {
                "disabled": true,
                "id": "subGroup1Question4Choice2",
                "ui": Object {
                  "title": "subGroup1Question4Choice2",
                },
                "value": "subGroup1Question4Choice2",
              },
              Object {
                "disabled": true,
                "id": "subGroup1Question4Choice3",
                "ui": Object {
                  "title": "subGroup1Question4Choice3",
                },
                "value": "subGroup1Question4Choice3",
              },
            ],
            "currentAnswer": Array [],
            "disabled": true,
            "error": "Please select at least 1 option.",
            "id": "subGroup1Question4",
            "type": "multiple",
            "ui": Object {
              "title": "subGroup1Question3",
            },
            "validatedAnswer": undefined,
            "validating": false,
          },
        ],
        "ui": Object {},
      },
    ],
    "id": "group1",
    "questions": Array [
      Object {
        "choices": Array [],
        "currentAnswer": undefined,
        "disabled": false,
        "error": "This field is required.",
        "id": "group1Question1",
        "type": "any",
        "ui": Object {
          "title": "group1Questions",
        },
        "validatedAnswer": undefined,
        "validating": false,
      },
      Object {
        "choices": Array [
          Object {
            "disabled": false,
            "id": "group1Question2Choice1",
            "ui": Object {
              "title": "group1Question2Choice1",
            },
            "value": "group1Question2Choice1",
          },
          Object {
            "disabled": false,
            "id": "group1Question2Choice2",
            "ui": Object {
              "title": "group1Question2Choice2",
            },
            "value": "group1Question2Choice2",
          },
          Object {
            "disabled": false,
            "id": "group1Question2Choice3",
            "ui": Object {
              "title": "group1Question2Choice3",
            },
            "value": "group1Question2Choice3",
          },
        ],
        "currentAnswer": undefined,
        "disabled": false,
        "error": "Please select an option.",
        "id": "group1Question2",
        "type": "single",
        "ui": Object {
          "title": "group1Question2",
        },
        "validatedAnswer": undefined,
        "validating": false,
      },
      Object {
        "choices": Array [
          Object {
            "disabled": false,
            "id": "group1Question3Choice1",
            "ui": Object {
              "title": "group1Question3Choice1",
            },
            "value": "group1Question3Choice1",
          },
          Object {
            "disabled": false,
            "id": "group1Question3Choice2",
            "ui": Object {
              "title": "group1Question3Choice2",
            },
            "value": "group1Question3Choice2",
          },
          Object {
            "disabled": false,
            "id": "group1Question3Choice3",
            "ui": Object {
              "title": "group1Question3Choice3",
            },
            "value": "group1Question3Choice3",
          },
        ],
        "currentAnswer": Array [],
        "disabled": false,
        "error": undefined,
        "id": "group1Question3",
        "type": "multiple",
        "ui": Object {
          "title": "group1Question3",
        },
        "validatedAnswer": Array [],
        "validating": false,
      },
    ],
    "ui": Object {},
  },
]
`;

exports[`Answering selectChoice single 2`] = `
Object {
  "group1Question1": "This field is required.",
  "group1Question2": "Please select an option.",
}
`;

exports[`Answering selectChoice single 3`] = `
Object {
  "group1Question3": Array [],
  "subGroup1Question1": "subGroup1Question1Value",
  "subGroup1Question2": "subGroup1Question2Choice2",
  "subGroup1Question3": Array [
    "subGroup1Question3Choice1",
    "subGroup1Question3Choice2",
  ],
  "subGroup1Question4": Array [],
}
`;

exports[`Answering selectChoice single 4`] = `
Object {
  "group1Question3": Array [],
  "subGroup1Question1": "subGroup1Question1Value",
  "subGroup1Question2": "subGroup1Question2Choice2",
}
`;

exports[`Answering selectChoice single 5`] = `
Array [
  Object {
    "disabled": false,
    "groups": Array [
      Object {
        "disabled": false,
        "groups": Array [],
        "id": "subGroup1",
        "questions": Array [
          Object {
            "choices": Array [],
            "currentAnswer": "subGroup1Question1Value",
            "disabled": false,
            "error": undefined,
            "id": "subGroup1Question1",
            "type": "any",
            "ui": Object {
              "title": "subGroup1Questions",
            },
            "validatedAnswer": "subGroup1Question1Value",
            "validating": false,
          },
          Object {
            "choices": Array [
              Object {
                "disabled": false,
                "id": "subGroup1Question2Choice1",
                "ui": Object {
                  "title": "subGroup1Question2Choice1",
                },
                "value": "subGroup1Question2Choice1",
              },
              Object {
                "disabled": false,
                "id": "subGroup1Question2Choice2",
                "ui": Object {
                  "title": "subGroup1Question2Choice2",
                },
                "value": "subGroup1Question2Choice2",
              },
              Object {
                "disabled": false,
                "id": "subGroup1Question2Choice3",
                "ui": Object {
                  "title": "subGroup1Question2Choice3",
                },
                "value": "subGroup1Question2Choice3",
              },
            ],
            "currentAnswer": undefined,
            "disabled": false,
            "error": "Please select an option.",
            "id": "subGroup1Question2",
            "type": "single",
            "ui": Object {
              "title": "subGroup1Question2",
            },
            "validatedAnswer": undefined,
            "validating": false,
          },
          Object {
            "choices": Array [
              Object {
                "disabled": true,
                "id": "subGroup1Question3Choice1",
                "ui": Object {
                  "title": "subGroup1Question3Choice1",
                },
                "value": "subGroup1Question3Choice1",
              },
              Object {
                "disabled": true,
                "id": "subGroup1Question3Choice2",
                "ui": Object {
                  "title": "subGroup1Question3Choice2",
                },
                "value": "subGroup1Question3Choice2",
              },
              Object {
                "disabled": true,
                "id": "subGroup1Question3Choice3",
                "ui": Object {
                  "title": "subGroup1Question3Choice3",
                },
                "value": "subGroup1Question3Choice3",
              },
            ],
            "currentAnswer": Array [
              "subGroup1Question3Choice1",
              "subGroup1Question3Choice2",
            ],
            "disabled": true,
            "error": undefined,
            "id": "subGroup1Question3",
            "type": "multiple",
            "ui": Object {
              "title": "subGroup1Question3",
            },
            "validatedAnswer": undefined,
            "validating": false,
          },
          Object {
            "choices": Array [
              Object {
                "disabled": false,
                "id": "subGroup1Question4Choice1",
                "ui": Object {
                  "title": "subGroup1Question4Choice1",
                },
                "value": "subGroup1Question4Choice1",
              },
              Object {
                "disabled": false,
                "id": "subGroup1Question4Choice2",
                "ui": Object {
                  "title": "subGroup1Question4Choice2",
                },
                "value": "subGroup1Question4Choice2",
              },
              Object {
                "disabled": false,
                "id": "subGroup1Question4Choice3",
                "ui": Object {
                  "title": "subGroup1Question4Choice3",
                },
                "value": "subGroup1Question4Choice3",
              },
            ],
            "currentAnswer": Array [],
            "disabled": false,
            "error": "Please select at least 1 option.",
            "id": "subGroup1Question4",
            "type": "multiple",
            "ui": Object {
              "title": "subGroup1Question3",
            },
            "validatedAnswer": undefined,
            "validating": false,
          },
        ],
        "ui": Object {},
      },
    ],
    "id": "group1",
    "questions": Array [
      Object {
        "choices": Array [],
        "currentAnswer": undefined,
        "disabled": false,
        "error": "This field is required.",
        "id": "group1Question1",
        "type": "any",
        "ui": Object {
          "title": "group1Questions",
        },
        "validatedAnswer": undefined,
        "validating": false,
      },
      Object {
        "choices": Array [
          Object {
            "disabled": false,
            "id": "group1Question2Choice1",
            "ui": Object {
              "title": "group1Question2Choice1",
            },
            "value": "group1Question2Choice1",
          },
          Object {
            "disabled": false,
            "id": "group1Question2Choice2",
            "ui": Object {
              "title": "group1Question2Choice2",
            },
            "value": "group1Question2Choice2",
          },
          Object {
            "disabled": false,
            "id": "group1Question2Choice3",
            "ui": Object {
              "title": "group1Question2Choice3",
            },
            "value": "group1Question2Choice3",
          },
        ],
        "currentAnswer": undefined,
        "disabled": false,
        "error": "Please select an option.",
        "id": "group1Question2",
        "type": "single",
        "ui": Object {
          "title": "group1Question2",
        },
        "validatedAnswer": undefined,
        "validating": false,
      },
      Object {
        "choices": Array [
          Object {
            "disabled": false,
            "id": "group1Question3Choice1",
            "ui": Object {
              "title": "group1Question3Choice1",
            },
            "value": "group1Question3Choice1",
          },
          Object {
            "disabled": false,
            "id": "group1Question3Choice2",
            "ui": Object {
              "title": "group1Question3Choice2",
            },
            "value": "group1Question3Choice2",
          },
          Object {
            "disabled": false,
            "id": "group1Question3Choice3",
            "ui": Object {
              "title": "group1Question3Choice3",
            },
            "value": "group1Question3Choice3",
          },
        ],
        "currentAnswer": Array [],
        "disabled": false,
        "error": undefined,
        "id": "group1Question3",
        "type": "multiple",
        "ui": Object {
          "title": "group1Question3",
        },
        "validatedAnswer": Array [],
        "validating": false,
      },
    ],
    "ui": Object {},
  },
]
`;

exports[`Answering selectChoice single 6`] = `
Object {
  "group1Question1": "This field is required.",
  "group1Question2": "Please select an option.",
  "subGroup1Question2": "Please select an option.",
  "subGroup1Question4": "Please select at least 1 option.",
}
`;

exports[`Answering selectChoice single 7`] = `
Object {
  "group1Question3": Array [],
  "subGroup1Question1": "subGroup1Question1Value",
  "subGroup1Question3": Array [
    "subGroup1Question3Choice1",
    "subGroup1Question3Choice2",
  ],
  "subGroup1Question4": Array [],
}
`;

exports[`Answering selectChoice single 8`] = `
Object {
  "group1Question3": Array [],
  "subGroup1Question1": "subGroup1Question1Value",
}
`;

exports[`Answering setChoice 1`] = `
Array [
  Object {
    "disabled": false,
    "groups": Array [
      Object {
        "disabled": false,
        "groups": Array [],
        "id": "subGroup1",
        "questions": Array [
          Object {
            "choices": Array [],
            "currentAnswer": "subGroup1Question1Value",
            "disabled": false,
            "error": undefined,
            "id": "subGroup1Question1",
            "type": "any",
            "ui": Object {
              "title": "subGroup1Questions",
            },
            "validatedAnswer": "subGroup1Question1Value",
            "validating": false,
          },
          Object {
            "choices": Array [
              Object {
                "disabled": false,
                "id": "subGroup1Question2Choice1",
                "ui": Object {
                  "title": "subGroup1Question2Choice1",
                },
                "value": "subGroup1Question2Choice1",
              },
              Object {
                "disabled": false,
                "id": "subGroup1Question2Choice2",
                "ui": Object {
                  "title": "subGroup1Question2Choice2",
                },
                "value": "subGroup1Question2Choice2",
              },
              Object {
                "disabled": false,
                "id": "subGroup1Question2Choice3",
                "ui": Object {
                  "title": "subGroup1Question2Choice3",
                },
                "value": "subGroup1Question2Choice3",
              },
            ],
            "currentAnswer": "subGroup1Question2Choice1",
            "disabled": false,
            "error": undefined,
            "id": "subGroup1Question2",
            "type": "single",
            "ui": Object {
              "title": "subGroup1Question2",
            },
            "validatedAnswer": "subGroup1Question2Choice1",
            "validating": false,
          },
          Object {
            "choices": Array [
              Object {
                "disabled": false,
                "id": "subGroup1Question3Choice1",
                "ui": Object {
                  "title": "subGroup1Question3Choice1",
                },
                "value": "subGroup1Question3Choice1",
              },
              Object {
                "disabled": false,
                "id": "subGroup1Question3Choice2",
                "ui": Object {
                  "title": "subGroup1Question3Choice2",
                },
                "value": "subGroup1Question3Choice2",
              },
              Object {
                "disabled": false,
                "id": "subGroup1Question3Choice3",
                "ui": Object {
                  "title": "subGroup1Question3Choice3",
                },
                "value": "subGroup1Question3Choice3",
              },
            ],
            "currentAnswer": Array [],
            "disabled": false,
            "error": "Please select at least 1 option.",
            "id": "subGroup1Question3",
            "type": "multiple",
            "ui": Object {
              "title": "subGroup1Question3",
            },
            "validatedAnswer": undefined,
            "validating": false,
          },
          Object {
            "choices": Array [
              Object {
                "disabled": false,
                "id": "subGroup1Question4Choice1",
                "ui": Object {
                  "title": "subGroup1Question4Choice1",
                },
                "value": "subGroup1Question4Choice1",
              },
              Object {
                "disabled": false,
                "id": "subGroup1Question4Choice2",
                "ui": Object {
                  "title": "subGroup1Question4Choice2",
                },
                "value": "subGroup1Question4Choice2",
              },
              Object {
                "disabled": false,
                "id": "subGroup1Question4Choice3",
                "ui": Object {
                  "title": "subGroup1Question4Choice3",
                },
                "value": "subGroup1Question4Choice3",
              },
            ],
            "currentAnswer": Array [],
            "disabled": false,
            "error": "Please select at least 1 option.",
            "id": "subGroup1Question4",
            "type": "multiple",
            "ui": Object {
              "title": "subGroup1Question3",
            },
            "validatedAnswer": undefined,
            "validating": false,
          },
        ],
        "ui": Object {},
      },
    ],
    "id": "group1",
    "questions": Array [
      Object {
        "choices": Array [],
        "currentAnswer": undefined,
        "disabled": false,
        "error": "This field is required.",
        "id": "group1Question1",
        "type": "any",
        "ui": Object {
          "title": "group1Questions",
        },
        "validatedAnswer": undefined,
        "validating": false,
      },
      Object {
        "choices": Array [
          Object {
            "disabled": false,
            "id": "group1Question2Choice1",
            "ui": Object {
              "title": "group1Question2Choice1",
            },
            "value": "group1Question2Choice1",
          },
          Object {
            "disabled": false,
            "id": "group1Question2Choice2",
            "ui": Object {
              "title": "group1Question2Choice2",
            },
            "value": "group1Question2Choice2",
          },
          Object {
            "disabled": false,
            "id": "group1Question2Choice3",
            "ui": Object {
              "title": "group1Question2Choice3",
            },
            "value": "group1Question2Choice3",
          },
        ],
        "currentAnswer": undefined,
        "disabled": false,
        "error": "Please select an option.",
        "id": "group1Question2",
        "type": "single",
        "ui": Object {
          "title": "group1Question2",
        },
        "validatedAnswer": undefined,
        "validating": false,
      },
      Object {
        "choices": Array [
          Object {
            "disabled": false,
            "id": "group1Question3Choice1",
            "ui": Object {
              "title": "group1Question3Choice1",
            },
            "value": "group1Question3Choice1",
          },
          Object {
            "disabled": false,
            "id": "group1Question3Choice2",
            "ui": Object {
              "title": "group1Question3Choice2",
            },
            "value": "group1Question3Choice2",
          },
          Object {
            "disabled": false,
            "id": "group1Question3Choice3",
            "ui": Object {
              "title": "group1Question3Choice3",
            },
            "value": "group1Question3Choice3",
          },
        ],
        "currentAnswer": Array [],
        "disabled": false,
        "error": undefined,
        "id": "group1Question3",
        "type": "multiple",
        "ui": Object {
          "title": "group1Question3",
        },
        "validatedAnswer": Array [],
        "validating": false,
      },
    ],
    "ui": Object {},
  },
]
`;

exports[`Answering setChoice 2`] = `
Object {
  "group1Question1": "This field is required.",
  "group1Question2": "Please select an option.",
  "subGroup1Question3": "Please select at least 1 option.",
  "subGroup1Question4": "Please select at least 1 option.",
}
`;

exports[`Answering setChoice 3`] = `
Object {
  "group1Question3": Array [],
  "subGroup1Question1": "subGroup1Question1Value",
  "subGroup1Question2": "subGroup1Question2Choice1",
  "subGroup1Question3": Array [],
  "subGroup1Question4": Array [],
}
`;

exports[`Answering setChoice 4`] = `
Object {
  "group1Question3": Array [],
  "subGroup1Question1": "subGroup1Question1Value",
  "subGroup1Question2": "subGroup1Question2Choice1",
}
`;

exports[`Answering setChoices 1`] = `
Array [
  Object {
    "disabled": false,
    "groups": Array [
      Object {
        "disabled": false,
        "groups": Array [],
        "id": "subGroup1",
        "questions": Array [
          Object {
            "choices": Array [],
            "currentAnswer": "subGroup1Question1Value",
            "disabled": false,
            "error": undefined,
            "id": "subGroup1Question1",
            "type": "any",
            "ui": Object {
              "title": "subGroup1Questions",
            },
            "validatedAnswer": "subGroup1Question1Value",
            "validating": false,
          },
          Object {
            "choices": Array [
              Object {
                "disabled": false,
                "id": "subGroup1Question2Choice1",
                "ui": Object {
                  "title": "subGroup1Question2Choice1",
                },
                "value": "subGroup1Question2Choice1",
              },
              Object {
                "disabled": false,
                "id": "subGroup1Question2Choice2",
                "ui": Object {
                  "title": "subGroup1Question2Choice2",
                },
                "value": "subGroup1Question2Choice2",
              },
              Object {
                "disabled": false,
                "id": "subGroup1Question2Choice3",
                "ui": Object {
                  "title": "subGroup1Question2Choice3",
                },
                "value": "subGroup1Question2Choice3",
              },
            ],
            "currentAnswer": "subGroup1Question2Choice1",
            "disabled": false,
            "error": undefined,
            "id": "subGroup1Question2",
            "type": "single",
            "ui": Object {
              "title": "subGroup1Question2",
            },
            "validatedAnswer": "subGroup1Question2Choice1",
            "validating": false,
          },
          Object {
            "choices": Array [
              Object {
                "disabled": false,
                "id": "subGroup1Question3Choice1",
                "ui": Object {
                  "title": "subGroup1Question3Choice1",
                },
                "value": "subGroup1Question3Choice1",
              },
              Object {
                "disabled": false,
                "id": "subGroup1Question3Choice2",
                "ui": Object {
                  "title": "subGroup1Question3Choice2",
                },
                "value": "subGroup1Question3Choice2",
              },
              Object {
                "disabled": false,
                "id": "subGroup1Question3Choice3",
                "ui": Object {
                  "title": "subGroup1Question3Choice3",
                },
                "value": "subGroup1Question3Choice3",
              },
            ],
            "currentAnswer": Array [
              "subGroup1Question3Choice1",
              "subGroup1Question3Choice2",
            ],
            "disabled": false,
            "error": undefined,
            "id": "subGroup1Question3",
            "type": "multiple",
            "ui": Object {
              "title": "subGroup1Question3",
            },
            "validatedAnswer": Array [
              "subGroup1Question3Choice1",
              "subGroup1Question3Choice2",
            ],
            "validating": false,
          },
          Object {
            "choices": Array [
              Object {
                "disabled": false,
                "id": "subGroup1Question4Choice1",
                "ui": Object {
                  "title": "subGroup1Question4Choice1",
                },
                "value": "subGroup1Question4Choice1",
              },
              Object {
                "disabled": false,
                "id": "subGroup1Question4Choice2",
                "ui": Object {
                  "title": "subGroup1Question4Choice2",
                },
                "value": "subGroup1Question4Choice2",
              },
              Object {
                "disabled": false,
                "id": "subGroup1Question4Choice3",
                "ui": Object {
                  "title": "subGroup1Question4Choice3",
                },
                "value": "subGroup1Question4Choice3",
              },
            ],
            "currentAnswer": Array [],
            "disabled": false,
            "error": "Please select at least 1 option.",
            "id": "subGroup1Question4",
            "type": "multiple",
            "ui": Object {
              "title": "subGroup1Question3",
            },
            "validatedAnswer": undefined,
            "validating": false,
          },
        ],
        "ui": Object {},
      },
    ],
    "id": "group1",
    "questions": Array [
      Object {
        "choices": Array [],
        "currentAnswer": undefined,
        "disabled": false,
        "error": "This field is required.",
        "id": "group1Question1",
        "type": "any",
        "ui": Object {
          "title": "group1Questions",
        },
        "validatedAnswer": undefined,
        "validating": false,
      },
      Object {
        "choices": Array [
          Object {
            "disabled": false,
            "id": "group1Question2Choice1",
            "ui": Object {
              "title": "group1Question2Choice1",
            },
            "value": "group1Question2Choice1",
          },
          Object {
            "disabled": false,
            "id": "group1Question2Choice2",
            "ui": Object {
              "title": "group1Question2Choice2",
            },
            "value": "group1Question2Choice2",
          },
          Object {
            "disabled": false,
            "id": "group1Question2Choice3",
            "ui": Object {
              "title": "group1Question2Choice3",
            },
            "value": "group1Question2Choice3",
          },
        ],
        "currentAnswer": undefined,
        "disabled": false,
        "error": "Please select an option.",
        "id": "group1Question2",
        "type": "single",
        "ui": Object {
          "title": "group1Question2",
        },
        "validatedAnswer": undefined,
        "validating": false,
      },
      Object {
        "choices": Array [
          Object {
            "disabled": false,
            "id": "group1Question3Choice1",
            "ui": Object {
              "title": "group1Question3Choice1",
            },
            "value": "group1Question3Choice1",
          },
          Object {
            "disabled": false,
            "id": "group1Question3Choice2",
            "ui": Object {
              "title": "group1Question3Choice2",
            },
            "value": "group1Question3Choice2",
          },
          Object {
            "disabled": false,
            "id": "group1Question3Choice3",
            "ui": Object {
              "title": "group1Question3Choice3",
            },
            "value": "group1Question3Choice3",
          },
        ],
        "currentAnswer": Array [],
        "disabled": false,
        "error": undefined,
        "id": "group1Question3",
        "type": "multiple",
        "ui": Object {
          "title": "group1Question3",
        },
        "validatedAnswer": Array [],
        "validating": false,
      },
    ],
    "ui": Object {},
  },
]
`;

exports[`Answering setChoices 2`] = `
Object {
  "group1Question1": "This field is required.",
  "group1Question2": "Please select an option.",
  "subGroup1Question4": "Please select at least 1 option.",
}
`;

exports[`Answering setChoices 3`] = `
Object {
  "group1Question3": Array [],
  "subGroup1Question1": "subGroup1Question1Value",
  "subGroup1Question2": "subGroup1Question2Choice1",
  "subGroup1Question3": Array [
    "subGroup1Question3Choice1",
    "subGroup1Question3Choice2",
  ],
  "subGroup1Question4": Array [],
}
`;

exports[`Answering setChoices 4`] = `
Object {
  "group1Question3": Array [],
  "subGroup1Question1": "subGroup1Question1Value",
  "subGroup1Question2": "subGroup1Question2Choice1",
  "subGroup1Question3": Array [
    "subGroup1Question3Choice1",
    "subGroup1Question3Choice2",
  ],
}
`;

exports[`Answering setValue 1`] = `
Array [
  Object {
    "disabled": false,
    "groups": Array [
      Object {
        "disabled": false,
        "groups": Array [],
        "id": "subGroup1",
        "questions": Array [
          Object {
            "choices": Array [],
            "currentAnswer": "subGroup1Question1Value",
            "disabled": false,
            "error": undefined,
            "id": "subGroup1Question1",
            "type": "any",
            "ui": Object {
              "title": "subGroup1Questions",
            },
            "validatedAnswer": "subGroup1Question1Value",
            "validating": false,
          },
          Object {
            "choices": Array [
              Object {
                "disabled": false,
                "id": "subGroup1Question2Choice1",
                "ui": Object {
                  "title": "subGroup1Question2Choice1",
                },
                "value": "subGroup1Question2Choice1",
              },
              Object {
                "disabled": false,
                "id": "subGroup1Question2Choice2",
                "ui": Object {
                  "title": "subGroup1Question2Choice2",
                },
                "value": "subGroup1Question2Choice2",
              },
              Object {
                "disabled": false,
                "id": "subGroup1Question2Choice3",
                "ui": Object {
                  "title": "subGroup1Question2Choice3",
                },
                "value": "subGroup1Question2Choice3",
              },
            ],
            "currentAnswer": undefined,
            "disabled": false,
            "error": "Please select an option.",
            "id": "subGroup1Question2",
            "type": "single",
            "ui": Object {
              "title": "subGroup1Question2",
            },
            "validatedAnswer": undefined,
            "validating": false,
          },
          Object {
            "choices": Array [
              Object {
                "disabled": true,
                "id": "subGroup1Question3Choice1",
                "ui": Object {
                  "title": "subGroup1Question3Choice1",
                },
                "value": "subGroup1Question3Choice1",
              },
              Object {
                "disabled": true,
                "id": "subGroup1Question3Choice2",
                "ui": Object {
                  "title": "subGroup1Question3Choice2",
                },
                "value": "subGroup1Question3Choice2",
              },
              Object {
                "disabled": true,
                "id": "subGroup1Question3Choice3",
                "ui": Object {
                  "title": "subGroup1Question3Choice3",
                },
                "value": "subGroup1Question3Choice3",
              },
            ],
            "currentAnswer": Array [],
            "disabled": true,
            "error": "Please select at least 1 option.",
            "id": "subGroup1Question3",
            "type": "multiple",
            "ui": Object {
              "title": "subGroup1Question3",
            },
            "validatedAnswer": undefined,
            "validating": false,
          },
          Object {
            "choices": Array [
              Object {
                "disabled": false,
                "id": "subGroup1Question4Choice1",
                "ui": Object {
                  "title": "subGroup1Question4Choice1",
                },
                "value": "subGroup1Question4Choice1",
              },
              Object {
                "disabled": false,
                "id": "subGroup1Question4Choice2",
                "ui": Object {
                  "title": "subGroup1Question4Choice2",
                },
                "value": "subGroup1Question4Choice2",
              },
              Object {
                "disabled": false,
                "id": "subGroup1Question4Choice3",
                "ui": Object {
                  "title": "subGroup1Question4Choice3",
                },
                "value": "subGroup1Question4Choice3",
              },
            ],
            "currentAnswer": Array [],
            "disabled": false,
            "error": "Please select at least 1 option.",
            "id": "subGroup1Question4",
            "type": "multiple",
            "ui": Object {
              "title": "subGroup1Question3",
            },
            "validatedAnswer": undefined,
            "validating": false,
          },
        ],
        "ui": Object {},
      },
    ],
    "id": "group1",
    "questions": Array [
      Object {
        "choices": Array [],
        "currentAnswer": undefined,
        "disabled": false,
        "error": "This field is required.",
        "id": "group1Question1",
        "type": "any",
        "ui": Object {
          "title": "group1Questions",
        },
        "validatedAnswer": undefined,
        "validating": false,
      },
      Object {
        "choices": Array [
          Object {
            "disabled": false,
            "id": "group1Question2Choice1",
            "ui": Object {
              "title": "group1Question2Choice1",
            },
            "value": "group1Question2Choice1",
          },
          Object {
            "disabled": false,
            "id": "group1Question2Choice2",
            "ui": Object {
              "title": "group1Question2Choice2",
            },
            "value": "group1Question2Choice2",
          },
          Object {
            "disabled": false,
            "id": "group1Question2Choice3",
            "ui": Object {
              "title": "group1Question2Choice3",
            },
            "value": "group1Question2Choice3",
          },
        ],
        "currentAnswer": undefined,
        "disabled": false,
        "error": "Please select an option.",
        "id": "group1Question2",
        "type": "single",
        "ui": Object {
          "title": "group1Question2",
        },
        "validatedAnswer": undefined,
        "validating": false,
      },
      Object {
        "choices": Array [
          Object {
            "disabled": false,
            "id": "group1Question3Choice1",
            "ui": Object {
              "title": "group1Question3Choice1",
            },
            "value": "group1Question3Choice1",
          },
          Object {
            "disabled": false,
            "id": "group1Question3Choice2",
            "ui": Object {
              "title": "group1Question3Choice2",
            },
            "value": "group1Question3Choice2",
          },
          Object {
            "disabled": false,
            "id": "group1Question3Choice3",
            "ui": Object {
              "title": "group1Question3Choice3",
            },
            "value": "group1Question3Choice3",
          },
        ],
        "currentAnswer": Array [],
        "disabled": false,
        "error": undefined,
        "id": "group1Question3",
        "type": "multiple",
        "ui": Object {
          "title": "group1Question3",
        },
        "validatedAnswer": Array [],
        "validating": false,
      },
    ],
    "ui": Object {},
  },
]
`;

exports[`Answering setValue 2`] = `
Object {
  "group1Question1": "This field is required.",
  "group1Question2": "Please select an option.",
  "subGroup1Question2": "Please select an option.",
  "subGroup1Question4": "Please select at least 1 option.",
}
`;

exports[`Answering setValue 3`] = `
Object {
  "group1Question3": Array [],
  "subGroup1Question1": "subGroup1Question1Value",
  "subGroup1Question3": Array [],
  "subGroup1Question4": Array [],
}
`;

exports[`Answering setValue 4`] = `
Object {
  "group1Question3": Array [],
  "subGroup1Question1": "subGroup1Question1Value",
}
`;
